List of revisions + scripts

Script:
Revision:
Change:

Script: scripts/secureLogAnalyzer/secureLogAnalyzer.pl
Revision: 20260829
Change: Initial version

Script: scripts/*.sh
Revision: 20260821
Change: Changed variables to local variables. Wrapped strings in double quotes.

Script: scripts/wpUpdate.sh
Revision: 20260821
Change: Added auto function to update all WP sites in /var/www

Script: scripts/wpUpdate.sh
Revision: 20260808
Change: Added logic for handling script being run as root or non-root.

Script: scripts/*.sh
Revision: 20260422
Change: Replaced /usr/bin/bash with /usr/bin/env bash

Script: scripts/clamscan.sh
Revision: 20260201
Change: Added set -e flag

Script: scripts/diskPinger/diskPinger.sh
Revision: 20260201
Change: Added set -e flag

Script: scripts/lockMysqlUser.sh
Revision: 20260201
Change: Added set -e flag

Script: scripts/loginBackup.sh
Revision: 20260201
Change: Added set -e flag

Script: scripts/newMysqlUser.sh
Revision: 20260201
Change: Added set -e flag

Script: scripts/passgen.sh
Revision: 20260201
Change: Added set -e flag

Script: scripts/phpinfoChecker.sh
Revision: 20260201
Change: Added set -e flag

Script: scripts/structureCheck/structureCheck.sh
Revision: 20260201
Change: Added set -e flag

Script: scripts/userCreation.sh
Revision: 20260201
Change: Added set -e flag

Script: scripts/userRemoval.sh
Revision: 20260201
Change: Added set -e flag

Script: scripts/wpAIAuthorChecks.sh
Revision: 20260201
Change: Added set -e flag

Script: scripts/wpInstall.sh
Revision: 20260201
Change: Added set -e flag

Script: scripts/wpUpdate.sh
Revision: 20260201
Change: Added set -e flag

Script: scripts/passgen.sh
Revision: 20260119
Change: Additional symbols added to password string.

Script: scripts/lockMysqlUser.sh
Revision: 20260119
Change: Bugfixes.

Script: scripts/structureCheck/structureCheck.sh
Revision: 20260119
Change: Replaced printf ' with printf ". Ran retab.

Script: scripts/wpUpdate.sh
Revision: 20260119
Change: Complete rework of script. Added printf, functions and checksums.
